bhagw@DESKTOP-LH4AKNN MINGW64 /h/seTicketAPI/src/cert (main)
$ openssl genrsa -out key.pem
Generating RSA private key, 2048 bit long modulus (2 primes)
...................+++++
.................................+++++
e is 65537 (0x010001)

bhagw@DESKTOP-LH4AKNN MINGW64 /h/seTicketAPI/src/cert (main)
$ openssl req -new -key key.pem -out csr.pem
You are about to be asked to enter information that will be incorporated   
into your certificate request.
What you are about to enter is what is called a Distinguished Name or a DN.
There are quite a few fields but you can leave some blank
For some fields there will be a default value,
If you enter '.', the field will be left blank.
-----
Country Name (2 letter code) [AU]:PA
State or Province Name (full name) [Some-State]:Panama
Locality Name (eg, city) []:Panama
Organization Name (eg, company) [Internet Widgits Pty Ltd]:KomalramSoftware
Organizational Unit Name (eg, section) []:IT
Common Name (e.g. server FQDN or YOUR name) []:BK
Email Address []:bhagwan.ram.komalram@gmail.com

Please enter the following 'extra' attributes
to be sent with your certificate request
A challenge password []:098m3d14t0r
An optional company name []:

bhagw@DESKTOP-LH4AKNN MINGW64 /h/seTicketAPI/src/cert (main)
$ openssl x509 -req -days 365 -in csr.pem -signkey key.pem -out cert.pem
Signature ok
subject=C = PA, ST = Panama, L = Panama, O = KomalramSoftware, OU = IT, CN = BK, emailAddress = bhagwan.ram.komalram@gmail.com
Getting Private key